09:19:57 **** Auto Build of configuration Debug for project tlc ****
make pre-build main-build 
a9-linaro-pre-build-step
' '
'Building file: ../src/tlc.c'
'Invoking: ARM v7 gcc compiler'
arm-none-eabi-gcc -Wall -O0 -g3 -c -fmessage-length=0 -MT"src/tlc.o" -mcpu=cortex-a9 -mfpu=vfpv3 -mfloat-abi=hard -I../../tlc_bsp/ps7_cortexa9_0/include -MMD -MP -MF"src/tlc.d" -MT"src/tlc.o" -o "src/tlc.o" "../src/tlc.c"
In file included from ../src/tlc.c:55:
../../tlc_bsp/ps7_cortexa9_0/include/xtime_l.h:87:9: note: #pragma message: For the sleep routines, Global timer is being used
 #pragma message ("For the sleep routines, Global timer is being used")
         ^~~~~~~
'Finished building: ../src/tlc.c'
' '
'Building target: tlc.elf'
'Invoking: ARM v7 gcc linker'
arm-none-eabi-gcc -mcpu=cortex-a9 -mfpu=vfpv3 -mfloat-abi=hard -Wl,-build-id=none -specs=Xilinx.spec -Wl,-T -Wl,../src/lscript.ld -L../../tlc_bsp/ps7_cortexa9_0/lib -o "tlc.elf"  ./src/platform.o ./src/tlc.o   -Wl,--start-group,-lxil,-lgcc,-lc,--end-group
'Finished building target: tlc.elf'
' '
'Invoking: ARM v7 Print Size'
arm-none-eabi-size tlc.elf  |tee "tlc.elf.size"
   text	   data	    bss	    dec	    hex	filename
  60564	   2624	  23328	  86516	  151f4	tlc.elf
'Finished building: tlc.elf.size'
' '

09:19:59 Build Finished (took 1s.306ms)

